// Jest Snapshot v1, https://goo.gl/fbAQLP

exports[`Dashboard Sidebar Layout matches snapshot 1`] = `
<DocumentFragment>
  <div
    class="drawer-side bg-ctm-primary-colour-light"
  >
    <label
      aria-label="close sidebar"
      class="drawer-overlay"
      for="my-drawer"
    />
    <div
      class="text-[23px] text-center font-[400] p-[12px] shadow-[0px_2px_2px_0px_#0d3f6a0f] w-full h-[80px] p4"
    >
      <span>
        <em
          class="font-istok_web font-[700] text-ctm-primary-colour"
        >
          00:00
        </em>
         In Minutes
      </span>
    </div>
    <div>
      <ul
        class="min-h-full w-55 p-4"
      >
        <li
          class="my-2"
        >
          <a
            class="inline-flex items-center gap-2 whitespace-nowrap rounded-md transition-colors focus-visible:outline-none focus-visible:ring-1 focus-visible:ring-ring disabled:pointer-events-none disabled:opacity-50 [&_svg]:pointer-events-none [&_svg]:size-4 [&_svg]:shrink-0 h-9 px-4 py-2 !pointer-events-auto hover:disabled:cursor-not-allowed bg-ctm-primary-500 disabled:bg-ctm-secondary-100 focus:bg-ctm-primary-600 active:bg-ctm-primary-700 border-none shadow-none hover:text-white hover:bg-ctm-primary-500 text-left w-[12rem] justify-start text-[16px] font-[400] text-white relative text-left"
            href="/dashboard"
            type="button"
          >
            <img
              alt="sidebar.dashboard.active icon"
              class="inline-block"
              data-nimg="1"
              decoding="async"
              height="24"
              loading="lazy"
              src="/icons/svg/sidebar/home-active.svg"
              style="color: transparent;"
              width="24"
            />
            Dashboard
          </a>
        </li>
        <li
          class="my-2"
        >
          <a
            class="inline-flex items-center gap-2 whitespace-nowrap rounded-md transition-colors focus-visible:outline-none focus-visible:ring-1 focus-visible:ring-ring disabled:pointer-events-none disabled:opacity-50 [&_svg]:pointer-events-none [&_svg]:size-4 [&_svg]:shrink-0 h-9 px-4 py-2 !pointer-events-auto disabled:bg-ctm-secondary-100 hover:disabled:cursor-not-allowed border border-ctm-primary-500 disabled:border-ctm-secondary-100 hover:border-ctm-primary-400 focus:bg-ctm-primary-600 active:bg-ctm-primary-700 disabled:text-ctm-secondary-100 border-none shadow-none text-[#484D57] hover:text-white hover:bg-ctm-primary-500 text-left w-[12rem] justify-start text-[16px] font-[400] bg-ctm-primary-colour-light relative text-left"
            href="/vendor"
            type="button"
          >
            <img
              alt="sidebar.vendor.base icon"
              class="inline-block"
              data-nimg="1"
              decoding="async"
              height="24"
              loading="lazy"
              src="/icons/svg/sidebar/vendor.svg"
              style="color: transparent;"
              width="24"
            />
            Vendors
          </a>
        </li>
        <li
          class="my-2"
        >
          <a
            class="inline-flex items-center gap-2 whitespace-nowrap rounded-md transition-colors focus-visible:outline-none focus-visible:ring-1 focus-visible:ring-ring disabled:pointer-events-none disabled:opacity-50 [&_svg]:pointer-events-none [&_svg]:size-4 [&_svg]:shrink-0 h-9 px-4 py-2 !pointer-events-auto disabled:bg-ctm-secondary-100 hover:disabled:cursor-not-allowed border border-ctm-primary-500 disabled:border-ctm-secondary-100 hover:border-ctm-primary-400 focus:bg-ctm-primary-600 active:bg-ctm-primary-700 disabled:text-ctm-secondary-100 border-none shadow-none text-[#484D57] hover:text-white hover:bg-ctm-primary-500 text-left w-[12rem] justify-start text-[16px] font-[400] bg-ctm-primary-colour-light relative text-left"
            href="/rider"
            type="button"
          >
            <img
              alt="sidebar.rider.base icon"
              class="inline-block"
              data-nimg="1"
              decoding="async"
              height="24"
              loading="lazy"
              src="/icons/svg/sidebar/rider.svg"
              style="color: transparent;"
              width="24"
            />
            Riders
          </a>
        </li>
        <li
          class="my-2"
        >
          <a
            class="inline-flex items-center gap-2 whitespace-nowrap rounded-md transition-colors focus-visible:outline-none focus-visible:ring-1 focus-visible:ring-ring disabled:pointer-events-none disabled:opacity-50 [&_svg]:pointer-events-none [&_svg]:size-4 [&_svg]:shrink-0 h-9 px-4 py-2 !pointer-events-auto disabled:bg-ctm-secondary-100 hover:disabled:cursor-not-allowed border border-ctm-primary-500 disabled:border-ctm-secondary-100 hover:border-ctm-primary-400 focus:bg-ctm-primary-600 active:bg-ctm-primary-700 disabled:text-ctm-secondary-100 border-none shadow-none text-[#484D57] hover:text-white hover:bg-ctm-primary-500 text-left w-[12rem] justify-start text-[16px] font-[400] bg-ctm-primary-colour-light relative text-left"
            href="/product"
            type="button"
          >
            <img
              alt="sidebar.product.base icon"
              class="inline-block"
              data-nimg="1"
              decoding="async"
              height="24"
              loading="lazy"
              src="/icons/svg/sidebar/product.svg"
              style="color: transparent;"
              width="24"
            />
            Products
          </a>
        </li>
        <li
          class="my-2"
        >
          <a
            class="inline-flex items-center gap-2 whitespace-nowrap rounded-md transition-colors focus-visible:outline-none focus-visible:ring-1 focus-visible:ring-ring disabled:pointer-events-none disabled:opacity-50 [&_svg]:pointer-events-none [&_svg]:size-4 [&_svg]:shrink-0 h-9 px-4 py-2 !pointer-events-auto disabled:bg-ctm-secondary-100 hover:disabled:cursor-not-allowed border border-ctm-primary-500 disabled:border-ctm-secondary-100 hover:border-ctm-primary-400 focus:bg-ctm-primary-600 active:bg-ctm-primary-700 disabled:text-ctm-secondary-100 border-none shadow-none text-[#484D57] hover:text-white hover:bg-ctm-primary-500 text-left w-[12rem] justify-start text-[16px] font-[400] bg-ctm-primary-colour-light relative text-left"
            href="/customer"
            type="button"
          >
            <img
              alt="sidebar.customer.base icon"
              class="inline-block"
              data-nimg="1"
              decoding="async"
              height="24"
              loading="lazy"
              src="/icons/svg/sidebar/customer.svg"
              style="color: transparent;"
              width="24"
            />
            Customers
          </a>
        </li>
        <li
          class="my-2"
        >
          <a
            class="inline-flex items-center gap-2 whitespace-nowrap rounded-md transition-colors focus-visible:outline-none focus-visible:ring-1 focus-visible:ring-ring disabled:pointer-events-none disabled:opacity-50 [&_svg]:pointer-events-none [&_svg]:size-4 [&_svg]:shrink-0 h-9 px-4 py-2 !pointer-events-auto disabled:bg-ctm-secondary-100 hover:disabled:cursor-not-allowed border border-ctm-primary-500 disabled:border-ctm-secondary-100 hover:border-ctm-primary-400 focus:bg-ctm-primary-600 active:bg-ctm-primary-700 disabled:text-ctm-secondary-100 border-none shadow-none text-[#484D57] hover:text-white hover:bg-ctm-primary-500 text-left w-[12rem] justify-start text-[16px] font-[400] bg-ctm-primary-colour-light relative text-left"
            href="/order"
            type="button"
          >
            <img
              alt="sidebar.order.base icon"
              class="inline-block"
              data-nimg="1"
              decoding="async"
              height="24"
              loading="lazy"
              src="/icons/svg/sidebar/order.svg"
              style="color: transparent;"
              width="24"
            />
            Orders
          </a>
        </li>
        <li
          class="my-2"
        >
          <a
            class="inline-flex items-center gap-2 whitespace-nowrap rounded-md transition-colors focus-visible:outline-none focus-visible:ring-1 focus-visible:ring-ring disabled:pointer-events-none disabled:opacity-50 [&_svg]:pointer-events-none [&_svg]:size-4 [&_svg]:shrink-0 h-9 px-4 py-2 !pointer-events-auto disabled:bg-ctm-secondary-100 hover:disabled:cursor-not-allowed border border-ctm-primary-500 disabled:border-ctm-secondary-100 hover:border-ctm-primary-400 focus:bg-ctm-primary-600 active:bg-ctm-primary-700 disabled:text-ctm-secondary-100 border-none shadow-none text-[#484D57] hover:text-white hover:bg-ctm-primary-500 text-left w-[12rem] justify-start text-[16px] font-[400] bg-ctm-primary-colour-light relative text-left"
            href="/errand"
            type="button"
          >
            <img
              alt="sidebar.errand.base icon"
              class="inline-block"
              data-nimg="1"
              decoding="async"
              height="24"
              loading="lazy"
              src="/icons/svg/sidebar/errand.svg"
              style="color: transparent;"
              width="24"
            />
            Errands
          </a>
        </li>
        <li
          class="my-2"
        >
          <a
            class="inline-flex items-center gap-2 whitespace-nowrap rounded-md transition-colors focus-visible:outline-none focus-visible:ring-1 focus-visible:ring-ring disabled:pointer-events-none disabled:opacity-50 [&_svg]:pointer-events-none [&_svg]:size-4 [&_svg]:shrink-0 h-9 px-4 py-2 !pointer-events-auto disabled:bg-ctm-secondary-100 hover:disabled:cursor-not-allowed border border-ctm-primary-500 disabled:border-ctm-secondary-100 hover:border-ctm-primary-400 focus:bg-ctm-primary-600 active:bg-ctm-primary-700 disabled:text-ctm-secondary-100 border-none shadow-none text-[#484D57] hover:text-white hover:bg-ctm-primary-500 text-left w-[12rem] justify-start text-[16px] font-[400] bg-ctm-primary-colour-light relative text-left"
            href="/transaction"
            type="button"
          >
            <img
              alt="sidebar.transaction.base icon"
              class="inline-block"
              data-nimg="1"
              decoding="async"
              height="24"
              loading="lazy"
              src="/icons/svg/sidebar/transaction.svg"
              style="color: transparent;"
              width="24"
            />
            Transactions
          </a>
        </li>
        <li
          class="my-2"
        >
          <a
            class="inline-flex items-center gap-2 whitespace-nowrap rounded-md transition-colors focus-visible:outline-none focus-visible:ring-1 focus-visible:ring-ring disabled:pointer-events-none disabled:opacity-50 [&_svg]:pointer-events-none [&_svg]:size-4 [&_svg]:shrink-0 h-9 px-4 py-2 !pointer-events-auto disabled:bg-ctm-secondary-100 hover:disabled:cursor-not-allowed border border-ctm-primary-500 disabled:border-ctm-secondary-100 hover:border-ctm-primary-400 focus:bg-ctm-primary-600 active:bg-ctm-primary-700 disabled:text-ctm-secondary-100 border-none shadow-none text-[#484D57] hover:text-white hover:bg-ctm-primary-500 text-left w-[12rem] justify-start text-[16px] font-[400] bg-ctm-primary-colour-light relative text-left"
            href="/metrics"
            type="button"
          >
            <img
              alt="sidebar.metrics.base icon"
              class="inline-block"
              data-nimg="1"
              decoding="async"
              height="24"
              loading="lazy"
              src="/icons/svg/sidebar/metrics.svg"
              style="color: transparent;"
              width="24"
            />
            Metrics
          </a>
        </li>
      </ul>
      <span
        class="absolute bottom-[-40%] pl-4"
      >
        <button
          class="inline-flex items-center gap-2 whitespace-nowrap rounded-md transition-colors focus-visible:outline-none focus-visible:ring-1 focus-visible:ring-ring disabled:pointer-events-none disabled:opacity-50 [&_svg]:pointer-events-none [&_svg]:size-4 [&_svg]:shrink-0 h-9 px-4 py-2 !pointer-events-auto disabled:bg-ctm-secondary-100 hover:disabled:cursor-not-allowed disabled:text-ctm-secondary-100 hover:bg-transparent hover:text-ctm-primary-400 border-none shadow-none text-[#484D57] hover:textwhite text-left w-[12rem] justify-start pl-[3rem] text-[16px] font-[400] bg-ctm-primary-colour-light"
          type="button"
        >
          <img
            alt="logout icon"
            class="inline-block"
            data-nimg="1"
            decoding="async"
            height="24"
            loading="lazy"
            src="/icons/svg/logout.svg"
            style="color: transparent;"
            width="24"
          />
          Logout
        </button>
      </span>
    </div>
  </div>
</DocumentFragment>
`;
